[2026-09-16 10:52:33] Début du pipeline
[2026-09-16 10:57:11] Début du pipeline
[2026-09-16 10:57:11] Étape compilation
[2026-09-16 10:57:13] Compilation réussie
[2026-09-16 11:01:53] Début du pipeline
[2026-09-16 11:01:53] Étape compilation
[2026-09-16 11:01:55] Compilation réussie
[2026-09-16 11:01:55] Étape tests unitaires
[2026-09-16 11:01:57] Tests unitaires réussis
[2026-09-16 11:07:45] Début du pipeline
[2026-09-16 11:07:45] Étape compilation
[2026-09-16 11:07:46] Compilation réussie
[2026-09-16 11:07:46] Étape tests unitaires
[2026-09-16 11:07:49] Tests unitaires réussis
[2026-09-16 11:07:49] Étape build
[2026-09-16 11:07:51] JAR créé avec succès
[2026-09-16 11:08:33] Image Podman créée avec succès
[2026-09-16 11:17:07] Début du pipeline
[2026-09-16 11:17:07] Étape compilation
[2026-09-16 11:17:08] Compilation réussie
[2026-09-16 11:17:08] Étape tests unitaires
[2026-09-16 11:17:11] Tests unitaires réussis
[2026-09-16 11:17:11] Étape build
[2026-09-16 11:17:13] JAR créé avec succès
[2026-09-16 11:17:13] Image Podman créée avec succès
[2026-09-16 11:17:13] Étape déploiement
[2026-09-16 11:17:16] ERREUR : Échec du déploiement
[2026-09-16 11:23:20] Début du pipeline
[2026-09-16 11:23:20] Étape compilation
[2026-09-16 11:23:23] Compilation réussie
[2026-09-16 11:23:23] Étape tests unitaires
[2026-09-16 11:23:26] Tests unitaires réussis
[2026-09-16 11:23:26] Étape build
[2026-09-16 11:23:29] JAR créé avec succès
[2026-09-16 11:23:29] Image Podman créée avec succès
[2026-09-16 11:23:29] Étape déploiement
[2026-09-16 11:23:29] Arrêt de l'ancien conteneur mtu-api-prod
[2026-09-16 11:23:29] Suppression de l'ancien conteneur mtu-api-prod
[2026-09-16 11:23:29] Déploiement réussi
[2026-09-16 11:28:51] Début du pipeline
[2026-09-16 11:28:51] Étape compilation
[2026-09-16 11:28:54] Compilation réussie
[2026-09-16 11:28:54] Étape tests unitaires
[2026-09-16 11:28:59] ERREUR : Échec des tests unitaires
[2026-10-07 13:24:22] Début du pipeline
[2026-10-07 13:24:22] Étape compilation
[2026-10-07 13:24:25] Compilation réussie
[2026-10-07 13:24:25] Étape tests unitaires
[2026-10-07 13:24:29] Tests unitaires réussis
[2026-10-07 13:24:29] Étape build
[2026-10-07 13:24:32] JAR créé avec succès
[2026-10-07 13:25:45] Image Podman créée avec succès
[2026-10-07 13:25:45] Étape déploiement
[2026-10-07 13:25:45] Déploiement réussi
[2026-10-07 13:27:31] Début du pipeline
[2026-10-07 13:27:31] Étape compilation
[2026-10-07 13:27:34] Compilation réussie
[2026-10-07 13:27:34] Étape tests unitaires
[2026-10-07 13:27:39] ERREUR : Échec des tests unitaires
[2026-10-07 13:35:52] Début du pipeline
[2026-10-07 13:35:52] Étape compilation
[2026-10-07 13:35:55] Compilation réussie
[2026-10-07 13:35:55] Étape tests unitaires
[2026-10-07 13:36:00] Tests unitaires réussis
[2026-10-07 13:36:00] Étape build
[2026-10-07 13:36:02] JAR créé avec succès
[2026-10-07 13:36:03] Image Podman créée avec succès
[2026-10-07 13:36:03] Étape déploiement
[2026-10-07 13:36:03] Arrêt de l'ancien conteneur mtu-api-prod
[2026-10-07 13:36:03] Suppression de l'ancien conteneur mtu-api-prod
[2026-10-07 13:36:03] Déploiement réussi
[2026-10-07 13:36:03] Étape test de fumée
[2026-10-07 13:36:06] ERREUR : Échec du test de fumée
[2026-10-07 13:37:27] Début du pipeline
[2026-10-07 13:37:27] Étape compilation
[2026-10-07 13:37:30] Compilation réussie
[2026-10-07 13:37:30] Étape tests unitaires
[2026-10-07 13:37:34] Tests unitaires réussis
[2026-10-07 13:37:34] Étape build
[2026-10-07 13:37:36] JAR créé avec succès
[2026-10-07 13:37:37] Image Podman créée avec succès
[2026-10-07 13:37:37] Étape déploiement
[2026-10-07 13:37:37] Arrêt de l'ancien conteneur mtu-api-prod
[2026-10-07 13:37:37] Suppression de l'ancien conteneur mtu-api-prod
[2026-10-07 13:37:37] Déploiement réussi
[2026-10-07 13:37:37] Étape test de fumée
[2026-10-07 13:37:40] ERREUR : Échec du test de fumée
